src/modules/availability/availability.routes.test.ts(86,9): error TS1136: Property assignment expected.
src/modules/availability/availability.routes.test.ts(86,33): error TS1005: ',' expected.
src/modules/availability/availability.routes.test.ts(86,42): error TS1005: ',' expected.
src/modules/availability/availability.routes.test.ts(87,9): error TS1136: Property assignment expected.
src/modules/availability/availability.routes.test.ts(87,33): error TS1005: ',' expected.
src/modules/availability/availability.routes.test.ts(88,33): error TS1005: ',' expected.
src/modules/availability/availability.routes.test.ts(89,33): error TS1005: ',' expected.
src/modules/availability/availability.routes.test.ts(90,19): error TS1005: ',' expected.
src/modules/availability/availability.routes.test.ts(91,7): error TS1135: Argument expression expected.
src/modules/availability/availability.routes.test.ts(92,5): error TS1005: ',' expected.
src/modules/availability/availability.routes.test.ts(93,3): error TS1128: Declaration or statement expected.
src/modules/availability/availability.routes.test.ts(93,4): error TS1128: Declaration or statement expected.
src/modules/availability/availability.routes.test.ts(145,1): error TS1128: Declaration or statement expected.
src/modules/availability/availability.routes.test.ts(145,2): error TS1128: Declaration or statement expected.
src/modules/commissions/__tests__/commissions.station.test.ts(96,9): error TS1136: Property assignment expected.
src/modules/commissions/__tests__/commissions.station.test.ts(96,33): error TS1005: ',' expected.
src/modules/commissions/__tests__/commissions.station.test.ts(96,35): error TS1134: Variable declaration expected.
src/modules/commissions/__tests__/commissions.station.test.ts(97,15): error TS1005: ';' expected.
src/modules/commissions/__tests__/commissions.station.test.ts(98,21): error TS1005: ';' expected.
src/modules/commissions/__tests__/commissions.station.test.ts(99,17): error TS1005: ';' expected.
src/modules/commissions/__tests__/commissions.station.test.ts(100,7): error TS1109: Expression expected.
src/modules/commissions/__tests__/commissions.station.test.ts(100,8): error TS1005: ')' expected.
src/modules/commissions/__tests__/commissions.station.test.ts(132,9): error TS1136: Property assignment expected.
src/modules/commissions/__tests__/commissions.station.test.ts(132,33): error TS1005: ',' expected.
src/modules/commissions/__tests__/commissions.station.test.ts(132,35): error TS1134: Variable declaration expected.
src/modules/commissions/__tests__/commissions.station.test.ts(133,15): error TS1005: ';' expected.
src/modules/commissions/__tests__/commissions.station.test.ts(134,21): error TS1005: ';' expected.
src/modules/commissions/__tests__/commissions.station.test.ts(135,17): error TS1005: ';' expected.
src/modules/commissions/__tests__/commissions.station.test.ts(136,7): error TS1109: Expression expected.
src/modules/commissions/__tests__/commissions.station.test.ts(136,8): error TS1005: ')' expected.
src/modules/commissions/__tests__/commissions.station.test.ts(175,9): error TS1136: Property assignment expected.
src/modules/commissions/__tests__/commissions.station.test.ts(175,33): error TS1005: ',' expected.
src/modules/commissions/__tests__/commissions.station.test.ts(175,35): error TS1134: Variable declaration expected.
src/modules/commissions/__tests__/commissions.station.test.ts(176,15): error TS1005: ';' expected.
src/modules/commissions/__tests__/commissions.station.test.ts(177,21): error TS1005: ';' expected.
src/modules/commissions/__tests__/commissions.station.test.ts(178,17): error TS1005: ';' expected.
src/modules/commissions/__tests__/commissions.station.test.ts(179,7): error TS1109: Expression expected.
src/modules/commissions/__tests__/commissions.station.test.ts(179,8): error TS1005: ')' expected.
src/modules/commissions/__tests__/commissions.station.test.ts(197,5): error TS1128: Declaration or statement expected.
src/modules/commissions/__tests__/commissions.station.test.ts(197,6): error TS1128: Declaration or statement expected.
src/modules/commissions/__tests__/commissions.station.test.ts(198,3): error TS1128: Declaration or statement expected.
src/modules/commissions/__tests__/commissions.station.test.ts(198,4): error TS1128: Declaration or statement expected.
src/modules/commissions/__tests__/commissions.station.test.ts(199,1): error TS1128: Declaration or statement expected.
src/modules/commissions/__tests__/commissions.station.test.ts(199,2): error TS1128: Declaration or statement expected.
src/modules/commissions/commissions.repo.ts(57,15): error TS1136: Property assignment expected.
src/modules/commissions/commissions.repo.ts(57,39): error TS1005: ',' expected.
src/modules/commissions/commissions.repo.ts(57,45): error TS1005: ':' expected.
src/modules/commissions/commissions.repo.ts(64,7): error TS1005: ',' expected.
src/modules/commissions/commissions.repo.ts(64,8): error TS1005: ',' expected.
src/modules/commissions/commissions.repo.ts(64,9): error TS1136: Property assignment expected.
src/modules/commissions/commissions.repo.ts(65,13): error TS1005: ',' expected.
src/modules/commissions/commissions.repo.ts(68,5): error TS1136: Property assignment expected.
src/modules/commissions/commissions.repo.ts(68,6): error TS1128: Declaration or statement expected.
src/modules/commissions/commissions.repo.ts(71,3): error TS1128: Declaration or statement expected.
src/modules/commissions/commissions.repo.ts(71,4): error TS1128: Declaration or statement expected.
src/modules/commissions/commissions.repo.ts(74,3): error TS1434: Unexpected keyword or identifier.
src/modules/commissions/commissions.repo.ts(74,37): error TS1005: ',' expected.
src/modules/commissions/commissions.repo.ts(74,88): error TS1109: Expression expected.
src/modules/commissions/commissions.repo.ts(74,116): error TS1005: ';' expected.
src/modules/commissions/commissions.repo.ts(79,4): error TS1128: Declaration or statement expected.
src/modules/commissions/commissions.repo.ts(81,3): error TS1434: Unexpected keyword or identifier.
src/modules/commissions/commissions.repo.ts(81,41): error TS1005: ',' expected.
src/modules/commissions/commissions.repo.ts(81,58): error TS1109: Expression expected.
src/modules/commissions/commissions.repo.ts(81,88): error TS1109: Expression expected.
src/modules/commissions/commissions.repo.ts(81,116): error TS1005: ';' expected.
src/modules/commissions/commissions.repo.ts(86,4): error TS1128: Declaration or statement expected.
src/modules/commissions/commissions.repo.ts(88,3): error TS1434: Unexpected keyword or identifier.
src/modules/commissions/commissions.repo.ts(88,38): error TS1005: ',' expected.
src/modules/commissions/commissions.repo.ts(88,48): error TS1005: ';' expected.
src/modules/commissions/commissions.repo.ts(93,4): error TS1128: Declaration or statement expected.
src/modules/commissions/commissions.repo.ts(95,3): error TS1434: Unexpected keyword or identifier.
src/modules/commissions/commissions.repo.ts(95,47): error TS1005: ',' expected.
src/modules/commissions/commissions.repo.ts(95,60): error TS1109: Expression expected.
src/modules/commissions/commissions.repo.ts(95,88): error TS1005: ';' expected.
src/modules/commissions/commissions.repo.ts(106,4): error TS1128: Declaration or statement expected.
src/modules/commissions/commissions.repo.ts(108,3): error TS1434: Unexpected keyword or identifier.
src/modules/commissions/commissions.repo.ts(108,30): error TS1005: ',' expected.
src/modules/commissions/commissions.repo.ts(108,54): error TS1005: ',' expected.
src/modules/commissions/commissions.repo.ts(108,67): error TS1109: Expression expected.
src/modules/commissions/commissions.repo.ts(108,95): error TS1005: ';' expected.
src/modules/commissions/commissions.repo.ts(113,4): error TS1128: Declaration or statement expected.
src/modules/commissions/commissions.repo.ts(115,3): error TS1434: Unexpected keyword or identifier.
src/modules/commissions/commissions.repo.ts(115,26): error TS1005: ',' expected.
src/modules/commissions/commissions.repo.ts(115,74): error TS1005: ';' expected.
src/modules/commissions/commissions.repo.ts(118,1): error TS1128: Declaration or statement expected.
src/modules/commissions/commissions.station.ts(77,46): error TS1003: Identifier expected.
src/modules/commissions/commissions.station.ts(86,64): error TS1003: Identifier expected.
src/modules/commissions/commissions.station.ts(87,124): error TS1003: Identifier expected.
src/modules/customer-panel/customer-panel.e2e.test.ts(113,11): error TS1136: Property assignment expected.
src/modules/customer-panel/customer-panel.e2e.test.ts(113,35): error TS1005: ',' expected.
src/modules/customer-panel/customer-panel.e2e.test.ts(113,44): error TS1005: ',' expected.
src/modules/customer-panel/customer-panel.e2e.test.ts(114,11): error TS1136: Property assignment expected.
src/modules/customer-panel/customer-panel.e2e.test.ts(114,35): error TS1005: ',' expected.
src/modules/customer-panel/customer-panel.e2e.test.ts(115,35): error TS1005: ',' expected.
src/modules/customer-panel/customer-panel.e2e.test.ts(116,35): error TS1005: ',' expected.
src/modules/customer-panel/customer-panel.e2e.test.ts(117,21): error TS1005: ',' expected.
src/modules/customer-panel/customer-panel.e2e.test.ts(118,26): error TS1005: ',' expected.
src/modules/customer-panel/customer-panel.e2e.test.ts(119,17): error TS1005: ',' expected.
src/modules/customer-panel/customer-panel.e2e.test.ts(120,9): error TS1135: Argument expression expected.
src/modules/customer-panel/customer-panel.e2e.test.ts(121,7): error TS1135: Argument expression expected.
src/modules/customer-panel/customer-panel.e2e.test.ts(131,3): error TS1128: Declaration or statement expected.
src/modules/customer-panel/customer-panel.e2e.test.ts(131,4): error TS1128: Declaration or statement expected.
src/modules/customer-panel/customer-panel.e2e.test.ts(151,11): error TS1136: Property assignment expected.
src/modules/customer-panel/customer-panel.e2e.test.ts(151,35): error TS1005: ',' expected.
src/modules/customer-panel/customer-panel.e2e.test.ts(151,44): error TS1005: ',' expected.
src/modules/customer-panel/customer-panel.e2e.test.ts(152,11): error TS1136: Property assignment expected.
src/modules/customer-panel/customer-panel.e2e.test.ts(152,35): error TS1005: ',' expected.
src/modules/customer-panel/customer-panel.e2e.test.ts(153,35): error TS1005: ',' expected.
src/modules/customer-panel/customer-panel.e2e.test.ts(154,35): error TS1005: ',' expected.
src/modules/customer-panel/customer-panel.e2e.test.ts(155,21): error TS1005: ',' expected.
src/modules/customer-panel/customer-panel.e2e.test.ts(156,26): error TS1005: ',' expected.
src/modules/customer-panel/customer-panel.e2e.test.ts(157,17): error TS1005: ',' expected.
src/modules/customer-panel/customer-panel.e2e.test.ts(158,9): error TS1135: Argument expression expected.
src/modules/customer-panel/customer-panel.e2e.test.ts(159,7): error TS1135: Argument expression expected.
src/modules/customer-panel/customer-panel.e2e.test.ts(169,5): error TS1128: Declaration or statement expected.
src/modules/customer-panel/customer-panel.e2e.test.ts(169,6): error TS1128: Declaration or statement expected.
src/modules/customer-panel/customer-panel.e2e.test.ts(191,13): error TS1136: Property assignment expected.
src/modules/customer-panel/customer-panel.e2e.test.ts(191,37): error TS1005: ',' expected.
src/modules/customer-panel/customer-panel.e2e.test.ts(191,46): error TS1005: ',' expected.
src/modules/customer-panel/customer-panel.e2e.test.ts(192,13): error TS1136: Property assignment expected.
src/modules/customer-panel/customer-panel.e2e.test.ts(192,37): error TS1005: ',' expected.
src/modules/customer-panel/customer-panel.e2e.test.ts(193,37): error TS1005: ',' expected.
src/modules/customer-panel/customer-panel.e2e.test.ts(194,37): error TS1005: ',' expected.
src/modules/customer-panel/customer-panel.e2e.test.ts(195,23): error TS1005: ',' expected.
src/modules/customer-panel/customer-panel.e2e.test.ts(196,28): error TS1005: ',' expected.
src/modules/customer-panel/customer-panel.e2e.test.ts(197,19): error TS1005: ',' expected.
src/modules/customer-panel/customer-panel.e2e.test.ts(198,11): error TS1135: Argument expression expected.
src/modules/customer-panel/customer-panel.e2e.test.ts(199,9): error TS1135: Argument expression expected.
src/modules/customer-panel/customer-panel.e2e.test.ts(207,7): error TS1128: Declaration or statement expected.
src/modules/customer-panel/customer-panel.e2e.test.ts(207,8): error TS1128: Declaration or statement expected.
src/modules/customer-panel/customer-panel.e2e.test.ts(208,3): error TS1128: Declaration or statement expected.
src/modules/customer-panel/customer-panel.e2e.test.ts(208,4): error TS1128: Declaration or statement expected.
src/modules/customer-panel/customer-panel.e2e.test.ts(228,11): error TS1136: Property assignment expected.
src/modules/customer-panel/customer-panel.e2e.test.ts(228,35): error TS1005: ',' expected.
src/modules/customer-panel/customer-panel.e2e.test.ts(228,44): error TS1005: ',' expected.
src/modules/customer-panel/customer-panel.e2e.test.ts(229,11): error TS1136: Property assignment expected.
src/modules/customer-panel/customer-panel.e2e.test.ts(229,35): error TS1005: ',' expected.
src/modules/customer-panel/customer-panel.e2e.test.ts(230,35): error TS1005: ',' expected.
src/modules/customer-panel/customer-panel.e2e.test.ts(231,35): error TS1005: ',' expected.
src/modules/customer-panel/customer-panel.e2e.test.ts(232,21): error TS1005: ',' expected.
src/modules/customer-panel/customer-panel.e2e.test.ts(233,26): error TS1005: ',' expected.
src/modules/customer-panel/customer-panel.e2e.test.ts(234,17): error TS1005: ',' expected.
src/modules/customer-panel/customer-panel.e2e.test.ts(235,9): error TS1135: Argument expression expected.
src/modules/customer-panel/customer-panel.e2e.test.ts(236,7): error TS1135: Argument expression expected.
src/modules/customer-panel/customer-panel.e2e.test.ts(250,5): error TS1128: Declaration or statement expected.
src/modules/customer-panel/customer-panel.e2e.test.ts(250,6): error TS1128: Declaration or statement expected.
src/modules/customer-panel/customer-panel.e2e.test.ts(269,15): error TS1136: Property assignment expected.
src/modules/customer-panel/customer-panel.e2e.test.ts(269,39): error TS1005: ',' expected.
src/modules/customer-panel/customer-panel.e2e.test.ts(269,48): error TS1005: ',' expected.
src/modules/customer-panel/customer-panel.e2e.test.ts(270,15): error TS1136: Property assignment expected.
src/modules/customer-panel/customer-panel.e2e.test.ts(270,39): error TS1005: ',' expected.
src/modules/customer-panel/customer-panel.e2e.test.ts(271,39): error TS1005: ',' expected.
src/modules/customer-panel/customer-panel.e2e.test.ts(272,39): error TS1005: ',' expected.
src/modules/customer-panel/customer-panel.e2e.test.ts(273,25): error TS1005: ',' expected.
src/modules/customer-panel/customer-panel.e2e.test.ts(274,30): error TS1005: ',' expected.
src/modules/customer-panel/customer-panel.e2e.test.ts(275,21): error TS1005: ',' expected.
src/modules/customer-panel/customer-panel.e2e.test.ts(276,13): error TS1135: Argument expression expected.
src/modules/customer-panel/customer-panel.e2e.test.ts(277,11): error TS1135: Argument expression expected.
src/modules/customer-panel/customer-panel.e2e.test.ts(290,5): error TS1128: Declaration or statement expected.
src/modules/customer-panel/customer-panel.e2e.test.ts(290,6): error TS1128: Declaration or statement expected.
src/modules/customer-panel/customer-panel.e2e.test.ts(291,3): error TS1128: Declaration or statement expected.
src/modules/customer-panel/customer-panel.e2e.test.ts(291,4): error TS1128: Declaration or statement expected.
src/modules/customer-panel/customer-panel.e2e.test.ts(292,1): error TS1128: Declaration or statement expected.
src/modules/customer-panel/customer-panel.e2e.test.ts(292,2): error TS1128: Declaration or statement expected.
src/modules/payments/payments.station.ts(37,29): error TS1003: Identifier expected.
src/modules/payments/payments.station.ts(59,53): error TS1003: Identifier expected.
src/modules/ratings/ratings.e2e.test.ts(52,9): error TS1136: Property assignment expected.
src/modules/ratings/ratings.e2e.test.ts(52,33): error TS1005: ',' expected.
src/modules/ratings/ratings.e2e.test.ts(52,53): error TS1005: ':' expected.
src/modules/ratings/ratings.e2e.test.ts(53,9): error TS1136: Property assignment expected.
src/modules/ratings/ratings.e2e.test.ts(53,33): error TS1005: ',' expected.
src/modules/ratings/ratings.e2e.test.ts(54,33): error TS1005: ',' expected.
src/modules/ratings/ratings.e2e.test.ts(55,33): error TS1005: ',' expected.
src/modules/ratings/ratings.e2e.test.ts(56,19): error TS1005: ',' expected.
src/modules/ratings/ratings.e2e.test.ts(57,15): error TS1005: ',' expected.
src/modules/ratings/ratings.e2e.test.ts(58,7): error TS1135: Argument expression expected.
src/modules/ratings/ratings.e2e.test.ts(59,5): error TS1005: ',' expected.
src/modules/ratings/ratings.e2e.test.ts(60,3): error TS1128: Declaration or statement expected.
src/modules/ratings/ratings.e2e.test.ts(60,4): error TS1128: Declaration or statement expected.
src/modules/ratings/ratings.e2e.test.ts(134,1): error TS1128: Declaration or statement expected.
src/modules/ratings/ratings.e2e.test.ts(134,2): error TS1128: Declaration or statement expected.
src/modules/reservations/reservations.events.ts(29,48): error TS1003: Identifier expected.
src/modules/reservations/reservations.public.e2e.test.ts(84,36): error TS1003: Identifier expected.
src/modules/reservations/reservations.public.e2e.test.ts(85,36): error TS1003: Identifier expected.
src/modules/reservations/reservations.public.e2e.test.ts(86,36): error TS1003: Identifier expected.
src/modules/reservations/reservations.public.e2e.test.ts(87,36): error TS1003: Identifier expected.
src/modules/reservations/reservations.station.ts(116,9): error TS1136: Property assignment expected.
src/modules/reservations/reservations.station.ts(116,33): error TS1005: ',' expected.
src/modules/reservations/reservations.station.ts(117,33): error TS1005: ',' expected.
src/modules/reservations/reservations.station.ts(118,33): error TS1005: ',' expected.
src/modules/reservations/reservations.station.ts(119,33): error TS1005: ',' expected.
src/modules/reservations/reservations.station.ts(120,19): error TS1005: ',' expected.
src/modules/reservations/reservations.station.ts(121,7): error TS1135: Argument expression expected.
src/modules/reservations/reservations.station.ts(124,8): error TS1136: Property assignment expected.
src/modules/reservations/reservations.station.ts(125,29): error TS1005: ',' expected.
src/modules/reservations/reservations.station.ts(125,55): error TS1005: ',' expected.
src/modules/reservations/reservations.station.ts(126,6): error TS1005: ',' expected.
src/modules/reservations/reservations.station.ts(136,3): error TS1128: Declaration or statement expected.
src/modules/reservations/reservations.station.ts(136,4): error TS1128: Declaration or statement expected.
src/modules/reservations/reservations.station.ts(138,3): error TS1434: Unexpected keyword or identifier.
src/modules/reservations/reservations.station.ts(138,38): error TS1005: ',' expected.
src/modules/reservations/reservations.station.ts(138,53): error TS1005: ',' expected.
src/modules/reservations/reservations.station.ts(138,81): error TS1005: ';' expected.
src/modules/reservations/reservations.station.ts(226,11): error TS1136: Property assignment expected.
src/modules/reservations/reservations.station.ts(226,35): error TS1005: ',' expected.
src/modules/reservations/reservations.station.ts(227,35): error TS1005: ',' expected.
src/modules/reservations/reservations.station.ts(228,35): error TS1005: ',' expected.
src/modules/reservations/reservations.station.ts(229,35): error TS1005: ',' expected.
src/modules/reservations/reservations.station.ts(230,21): error TS1005: ',' expected.
src/modules/reservations/reservations.station.ts(231,9): error TS1135: Argument expression expected.
src/modules/reservations/reservations.station.ts(234,8): error TS1472: 'catch' or 'finally' expected.
src/modules/reservations/reservations.station.ts(236,7): error TS1109: Expression expected.
src/modules/reservations/reservations.station.ts(236,8): error TS1128: Declaration or statement expected.
src/modules/reservations/reservations.station.ts(246,7): error TS1005: 'try' expected.
src/modules/reservations/reservations.station.ts(254,3): error TS1128: Declaration or statement expected.
src/modules/reservations/reservations.station.ts(254,4): error TS1128: Declaration or statement expected.
src/modules/reservations/reservations.station.ts(256,3): error TS1434: Unexpected keyword or identifier.
src/modules/reservations/reservations.station.ts(256,35): error TS1005: ',' expected.
src/modules/reservations/reservations.station.ts(256,50): error TS1005: ',' expected.
src/modules/reservations/reservations.station.ts(256,76): error TS1005: ',' expected.
src/modules/reservations/reservations.station.ts(256,110): error TS1005: ';' expected.
src/modules/reservations/reservations.station.ts(289,4): error TS1128: Declaration or statement expected.
src/modules/reservations/reservations.station.ts(291,3): error TS1434: Unexpected keyword or identifier.
src/modules/reservations/reservations.station.ts(291,37): error TS1005: ',' expected.
src/modules/reservations/reservations.station.ts(291,61): error TS1005: ',' expected.
src/modules/reservations/reservations.station.ts(291,76): error TS1005: ',' expected.
src/modules/reservations/reservations.station.ts(291,110): error TS1005: ';' expected.
src/modules/reservations/reservations.station.ts(299,4): error TS1128: Declaration or statement expected.
src/modules/reservations/reservations.station.ts(301,3): error TS1434: Unexpected keyword or identifier.
src/modules/reservations/reservations.station.ts(302,18): error TS1005: ',' expected.
src/modules/reservations/reservations.station.ts(303,19): error TS1005: ',' expected.
src/modules/reservations/reservations.station.ts(304,9): error TS1005: ',' expected.
src/modules/reservations/reservations.station.ts(305,10): error TS1005: ',' expected.
src/modules/reservations/reservations.station.ts(305,24): error TS1005: ',' expected.
src/modules/reservations/reservations.station.ts(306,13): error TS1109: Expression expected.
src/modules/reservations/reservations.station.ts(306,28): error TS1005: ',' expected.
src/modules/reservations/reservations.station.ts(307,5): error TS1005: ';' expected.
src/modules/reservations/reservations.station.ts(359,22): error TS1003: Identifier expected.
src/modules/reservations/reservations.station.ts(360,22): error TS1003: Identifier expected.
src/modules/reservations/reservations.station.ts(361,22): error TS1003: Identifier expected.
src/modules/reservations/reservations.station.ts(362,22): error TS1003: Identifier expected.
src/modules/reservations/reservations.station.ts(381,27): error TS1003: Identifier expected.
src/modules/reservations/reservations.station.ts(455,4): error TS1128: Declaration or statement expected.
src/modules/reservations/reservations.station.ts(457,3): error TS1434: Unexpected keyword or identifier.
src/modules/reservations/reservations.station.ts(457,37): error TS1005: ',' expected.
src/modules/reservations/reservations.station.ts(457,61): error TS1005: ',' expected.
src/modules/reservations/reservations.station.ts(457,76): error TS1005: ',' expected.
src/modules/reservations/reservations.station.ts(457,110): error TS1005: ';' expected.
src/modules/reservations/reservations.station.ts(484,4): error TS1128: Declaration or statement expected.
src/modules/reservations/reservations.station.ts(486,3): error TS1434: Unexpected keyword or identifier.
src/modules/reservations/reservations.station.ts(487,18): error TS1005: ',' expected.
src/modules/reservations/reservations.station.ts(488,19): error TS1005: ',' expected.
src/modules/reservations/reservations.station.ts(489,10): error TS1005: ',' expected.
src/modules/reservations/reservations.station.ts(489,24): error TS1005: ',' expected.
src/modules/reservations/reservations.station.ts(489,40): error TS1005: ',' expected.
src/modules/reservations/reservations.station.ts(490,9): error TS1005: ',' expected.
src/modules/reservations/reservations.station.ts(491,13): error TS1109: Expression expected.
src/modules/reservations/reservations.station.ts(491,28): error TS1005: ',' expected.
src/modules/reservations/reservations.station.ts(492,5): error TS1005: ';' expected.
src/modules/reservations/reservations.station.ts(541,4): error TS1128: Declaration or statement expected.
src/modules/reservations/reservations.station.ts(543,3): error TS1434: Unexpected keyword or identifier.
src/modules/reservations/reservations.station.ts(544,18): error TS1005: ',' expected.
src/modules/reservations/reservations.station.ts(545,19): error TS1005: ',' expected.
src/modules/reservations/reservations.station.ts(546,10): error TS1005: ',' expected.
src/modules/reservations/reservations.station.ts(546,24): error TS1005: ',' expected.
src/modules/reservations/reservations.station.ts(546,40): error TS1005: ',' expected.
src/modules/reservations/reservations.station.ts(547,13): error TS1109: Expression expected.
src/modules/reservations/reservations.station.ts(547,28): error TS1005: ',' expected.
src/modules/reservations/reservations.station.ts(548,5): error TS1005: ';' expected.
src/modules/reservations/reservations.station.ts(581,4): error TS1128: Declaration or statement expected.
src/modules/reservations/reservations.station.ts(583,3): error TS1434: Unexpected keyword or identifier.
src/modules/reservations/reservations.station.ts(584,18): error TS1005: ',' expected.
src/modules/reservations/reservations.station.ts(585,19): error TS1005: ',' expected.
src/modules/reservations/reservations.station.ts(586,10): error TS1005: ',' expected.
src/modules/reservations/reservations.station.ts(586,24): error TS1005: ',' expected.
src/modules/reservations/reservations.station.ts(586,40): error TS1005: ',' expected.
src/modules/reservations/reservations.station.ts(587,13): error TS1109: Expression expected.
src/modules/reservations/reservations.station.ts(587,28): error TS1005: ',' expected.
src/modules/reservations/reservations.station.ts(588,5): error TS1005: ';' expected.
src/modules/reservations/reservations.station.ts(616,4): error TS1128: Declaration or statement expected.
src/modules/reservations/reservations.station.ts(617,1): error TS1128: Declaration or statement expected.
src/modules/wallet/wallet.station.ts(60,21): error TS1003: Identifier expected.
